F5 production-scale recovery + correctness gate — truth (σ²a,σ²e)=(1.0,1.5) h²=0.4
host=totoro julia=1.12.6 threads=1
  A(scale q=100000) seed 20268000 (1/48): σ²a=0.9872 σ²e=1.5205 conv=true
  A(scale q=100000) seed 20268001 (2/48): σ²a=1.0188 σ²e=1.4900 conv=true
  A(scale q=100000) seed 20268002 (3/48): σ²a=0.9778 σ²e=1.5102 conv=true
  A(scale q=100000) seed 20268003 (4/48): σ²a=1.0055 σ²e=1.4940 conv=true
  A(scale q=100000) seed 20268004 (5/48): σ²a=0.9843 σ²e=1.4899 conv=true
  A(scale q=100000) seed 20268005 (6/48): σ²a=0.9687 σ²e=1.5062 conv=true
  A(scale q=100000) seed 20268006 (7/48): σ²a=1.0057 σ²e=1.4951 conv=true
  A(scale q=100000) seed 20268007 (8/48): σ²a=0.9932 σ²e=1.5063 conv=true
  A(scale q=100000) seed 20268008 (9/48): σ²a=0.9764 σ²e=1.5036 conv=true
  A(scale q=100000) seed 20268009 (10/48): σ²a=1.0019 σ²e=1.4931 conv=true
  A(scale q=100000) seed 20268010 (11/48): σ²a=1.0035 σ²e=1.5064 conv=true
  A(scale q=100000) seed 20268011 (12/48): σ²a=1.0009 σ²e=1.4994 conv=true
  A(scale q=100000) seed 20268012 (13/48): σ²a=0.9809 σ²e=1.5015 conv=true
  A(scale q=100000) seed 20268013 (14/48): σ²a=0.9924 σ²e=1.5037 conv=true
  A(scale q=100000) seed 20268014 (15/48): σ²a=0.9845 σ²e=1.5056 conv=true
  A(scale q=100000) seed 20268015 (16/48): σ²a=1.0057 σ²e=1.4835 conv=true
  A(scale q=100000) seed 20268016 (17/48): σ²a=0.9883 σ²e=1.4922 conv=true
  A(scale q=100000) seed 20268017 (18/48): σ²a=1.0065 σ²e=1.5021 conv=true
  A(scale q=100000) seed 20268018 (19/48): σ²a=1.0071 σ²e=1.4831 conv=true
  A(scale q=100000) seed 20268019 (20/48): σ²a=0.9886 σ²e=1.5084 conv=true
  A(scale q=100000) seed 20268020 (21/48): σ²a=1.0197 σ²e=1.4901 conv=true
  A(scale q=100000) seed 20268021 (22/48): σ²a=1.0375 σ²e=1.4768 conv=true
  A(scale q=100000) seed 20268022 (23/48): σ²a=0.9721 σ²e=1.5244 conv=true
  A(scale q=100000) seed 20268023 (24/48): σ²a=0.9835 σ²e=1.5168 conv=true
  A(scale q=100000) seed 20268024 (25/48): σ²a=0.9702 σ²e=1.5201 conv=true
  A(scale q=100000) seed 20268025 (26/48): σ²a=0.9914 σ²e=1.5078 conv=true
  A(scale q=100000) seed 20268026 (27/48): σ²a=0.9743 σ²e=1.5142 conv=true
  A(scale q=100000) seed 20268027 (28/48): σ²a=0.9792 σ²e=1.5065 conv=true
  A(scale q=100000) seed 20268028 (29/48): σ²a=1.0063 σ²e=1.5117 conv=true
  A(scale q=100000) seed 20268029 (30/48): σ²a=1.0044 σ²e=1.4876 conv=true
  A(scale q=100000) seed 20268030 (31/48): σ²a=1.0109 σ²e=1.4819 conv=true
  A(scale q=100000) seed 20268031 (32/48): σ²a=1.0134 σ²e=1.4964 conv=true
  A(scale q=100000) seed 20268032 (33/48): σ²a=0.9698 σ²e=1.5140 conv=true
  A(scale q=100000) seed 20268033 (34/48): σ²a=1.0024 σ²e=1.5168 conv=true
  A(scale q=100000) seed 20268034 (35/48): σ²a=1.0204 σ²e=1.4942 conv=true
  A(scale q=100000) seed 20268035 (36/48): σ²a=0.9856 σ²e=1.5106 conv=true
  A(scale q=100000) seed 20268036 (37/48): σ²a=1.0060 σ²e=1.4976 conv=true
  A(scale q=100000) seed 20268037 (38/48): σ²a=0.9759 σ²e=1.5154 conv=true
  A(scale q=100000) seed 20268038 (39/48): σ²a=1.0007 σ²e=1.4951 conv=true
  A(scale q=100000) seed 20268039 (40/48): σ²a=0.9902 σ²e=1.5094 conv=true
  A(scale q=100000) seed 20268040 (41/48): σ²a=0.9793 σ²e=1.4960 conv=true
  A(scale q=100000) seed 20268041 (42/48): σ²a=1.0206 σ²e=1.4817 conv=true
  A(scale q=100000) seed 20268042 (43/48): σ²a=1.0361 σ²e=1.4636 conv=true
  A(scale q=100000) seed 20268043 (44/48): σ²a=1.0188 σ²e=1.4854 conv=true
  A(scale q=100000) seed 20268044 (45/48): σ²a=0.9608 σ²e=1.5067 conv=true
  A(scale q=100000) seed 20268045 (46/48): σ²a=0.9534 σ²e=1.5240 conv=true
  A(scale q=100000) seed 20268046 (47/48): σ²a=1.0058 σ²e=1.4981 conv=true
  A(scale q=100000) seed 20268047 (48/48): σ²a=0.9989 σ²e=1.5011 conv=true
  Leg A(scale q=100000): converged 48/48
    σ²a  mean=0.9951 truth=1.00 bias=-0.0049 MCSE=0.0027 |bias|/MCSE=1.80  PASS
    σ²e  mean=1.5008 truth=1.50 bias=+0.0008 MCSE=0.0019 |bias|/MCSE=0.43  PASS
    mean rel.err σ²a=0.0049 σ²e=0.0005 (tol 0.05); per-seed max rel.err σ²a=0.0466 σ²e=0.0242
  Leg A(scale q=100000) GATE (relative): PASS
  B(deep n≈4500) seed 20268100 (1/48): σ²a=0.9557 σ²e=1.5433 conv=true
  B(deep n≈4500) seed 20268101 (2/48): σ²a=1.0750 σ²e=1.4681 conv=true
  B(deep n≈4500) seed 20268102 (3/48): σ²a=1.0190 σ²e=1.5529 conv=true
  B(deep n≈4500) seed 20268103 (4/48): σ²a=0.9915 σ²e=1.5464 conv=true
  B(deep n≈4500) seed 20268104 (5/48): σ²a=1.0036 σ²e=1.4394 conv=true
  B(deep n≈4500) seed 20268105 (6/48): σ²a=1.0730 σ²e=1.4320 conv=true
  B(deep n≈4500) seed 20268106 (7/48): σ²a=1.0056 σ²e=1.5481 conv=true
  B(deep n≈4500) seed 20268107 (8/48): σ²a=1.1069 σ²e=1.5100 conv=true
  B(deep n≈4500) seed 20268108 (9/48): σ²a=0.9624 σ²e=1.4856 conv=true
  B(deep n≈4500) seed 20268109 (10/48): σ²a=0.9949 σ²e=1.5044 conv=true
  B(deep n≈4500) seed 20268110 (11/48): σ²a=0.9193 σ²e=1.4718 conv=true
  B(deep n≈4500) seed 20268111 (12/48): σ²a=0.9156 σ²e=1.4935 conv=true
  B(deep n≈4500) seed 20268112 (13/48): σ²a=1.0107 σ²e=1.5153 conv=true
  B(deep n≈4500) seed 20268113 (14/48): σ²a=0.9620 σ²e=1.4995 conv=true
  B(deep n≈4500) seed 20268114 (15/48): σ²a=0.9842 σ²e=1.4230 conv=true
  B(deep n≈4500) seed 20268115 (16/48): σ²a=0.8985 σ²e=1.5428 conv=true
  B(deep n≈4500) seed 20268116 (17/48): σ²a=1.0362 σ²e=1.4948 conv=true
  B(deep n≈4500) seed 20268117 (18/48): σ²a=0.9033 σ²e=1.5616 conv=true
  B(deep n≈4500) seed 20268118 (19/48): σ²a=0.9612 σ²e=1.5530 conv=true
  B(deep n≈4500) seed 20268119 (20/48): σ²a=1.0036 σ²e=1.4796 conv=true
  B(deep n≈4500) seed 20268120 (21/48): σ²a=0.9344 σ²e=1.5230 conv=true
  B(deep n≈4500) seed 20268121 (22/48): σ²a=0.8833 σ²e=1.5201 conv=true
  B(deep n≈4500) seed 20268122 (23/48): σ²a=1.0780 σ²e=1.4464 conv=true
  B(deep n≈4500) seed 20268123 (24/48): σ²a=0.9665 σ²e=1.4504 conv=true
  B(deep n≈4500) seed 20268124 (25/48): σ²a=0.9809 σ²e=1.4935 conv=true
  B(deep n≈4500) seed 20268125 (26/48): σ²a=0.9594 σ²e=1.5653 conv=true
  B(deep n≈4500) seed 20268126 (27/48): σ²a=1.0261 σ²e=1.5014 conv=true
  B(deep n≈4500) seed 20268127 (28/48): σ²a=1.0832 σ²e=1.4061 conv=true
  B(deep n≈4500) seed 20268128 (29/48): σ²a=0.9769 σ²e=1.5571 conv=true
  B(deep n≈4500) seed 20268129 (30/48): σ²a=1.1172 σ²e=1.4927 conv=true
  B(deep n≈4500) seed 20268130 (31/48): σ²a=1.0822 σ²e=1.4583 conv=true
  B(deep n≈4500) seed 20268131 (32/48): σ²a=1.0619 σ²e=1.4673 conv=true
  B(deep n≈4500) seed 20268132 (33/48): σ²a=0.8942 σ²e=1.5853 conv=true
  B(deep n≈4500) seed 20268133 (34/48): σ²a=0.7970 σ²e=1.6181 conv=true
  B(deep n≈4500) seed 20268134 (35/48): σ²a=1.1134 σ²e=1.4534 conv=true
  B(deep n≈4500) seed 20268135 (36/48): σ²a=1.0240 σ²e=1.4729 conv=true
  B(deep n≈4500) seed 20268136 (37/48): σ²a=0.9876 σ²e=1.4234 conv=true
  B(deep n≈4500) seed 20268137 (38/48): σ²a=1.0477 σ²e=1.4453 conv=true
  B(deep n≈4500) seed 20268138 (39/48): σ²a=1.1211 σ²e=1.4430 conv=true
  B(deep n≈4500) seed 20268139 (40/48): σ²a=0.9217 σ²e=1.4990 conv=true
  B(deep n≈4500) seed 20268140 (41/48): σ²a=0.9518 σ²e=1.4829 conv=true
  B(deep n≈4500) seed 20268141 (42/48): σ²a=0.9692 σ²e=1.5286 conv=true
  B(deep n≈4500) seed 20268142 (43/48): σ²a=0.8296 σ²e=1.6563 conv=true
  B(deep n≈4500) seed 20268143 (44/48): σ²a=0.8918 σ²e=1.5660 conv=true
  B(deep n≈4500) seed 20268144 (45/48): σ²a=1.0547 σ²e=1.5469 conv=true
  B(deep n≈4500) seed 20268145 (46/48): σ²a=0.9983 σ²e=1.5125 conv=true
  B(deep n≈4500) seed 20268146 (47/48): σ²a=0.8410 σ²e=1.6309 conv=true
  B(deep n≈4500) seed 20268147 (48/48): σ²a=1.0013 σ²e=1.5421 conv=true
  Leg B(deep n≈4500): converged 48/48
    σ²a  mean=0.9870 truth=1.00 bias=-0.0130 MCSE=0.0111 |bias|/MCSE=1.17  PASS
    σ²e  mean=1.5074 truth=1.50 bias=+0.0074 MCSE=0.0080 |bias|/MCSE=0.92  PASS
    mean rel.err σ²a=0.0130 σ²e=0.0049 (tol 0.05); per-seed max rel.err σ²a=0.2030 σ²e=0.1042
  Leg B(deep n≈4500) GATE (bias_mcse): PASS
  Leg C boundary: graceful 6/8
  Leg C GATE: FAIL
  Anchor eigen≈AI max rel.diff: σ²a=3.40e-07 σ²e=1.81e-07 (tol 1e-06)  PASS

GATE: FAIL  (A=true B=true C=false X=true)
GATE_JSON {"gate_pass":false,"truth":{"sa":1.0,"se":1.5},"A":{"pass":true,"conv":48,"n":100000,"rel_sa":0.00489,"rel_se":0.00054,"bias_sa":-0.004886,"bias_se":0.00081},"B":{"pass":true,"conv":48,"n":4500,"bias_sa":-0.01299,"mcse_sa":0.011082,"bias_se":0.00736,"mcse_se":0.008016},"C_boundary":false,"X_anchor":true}
