cell=rg_high_rec1 scope=new seeds=50 G0=[1.0 0.5857; 0.5857 0.7] R0=[0.8 0.2; 0.2 0.55] design=8/16/56 rec=1
=== GATE / AGGREGATE for rg_high_rec1 (scope=new) ===
  converged=true iterations=312
  converged=true iterations=236
  converged=true iterations=278
  converged=true iterations=274
  converged=true iterations=243
  converged=true iterations=819
  converged=true iterations=247
  converged=true iterations=490
  converged=true iterations=243
  converged=true iterations=327
  converged=true iterations=275
  converged=true iterations=245
  converged=true iterations=278
  converged=true iterations=282
  converged=true iterations=287
  converged=true iterations=288
  converged=true iterations=279
  converged=true iterations=282
  converged=true iterations=258
  converged=true iterations=234
  converged=true iterations=501
  converged=true iterations=215
  converged=true iterations=253
  converged=true iterations=487
  converged=true iterations=274
  converged=true iterations=259
  converged=true iterations=259
  converged=true iterations=315
  converged=true iterations=263
  converged=true iterations=295
  converged=true iterations=301
  converged=true iterations=281
  converged=true iterations=277
  converged=true iterations=772
  converged=true iterations=482
  converged=true iterations=259
  converged=true iterations=412
  converged=true iterations=623
  converged=true iterations=313
  converged=true iterations=294
  converged=true iterations=612
  converged=true iterations=263
  converged=true iterations=519
  converged=true iterations=545
  converged=true iterations=249
  converged=true iterations=333
  converged=true iterations=246
  converged=true iterations=269
  converged=true iterations=257
  converged=true iterations=330
AGGREGATE Monte Carlo recovery (m = 50 seeds)
  G[1,1]   1.0000   0.8991   -0.1009   0.0640   yes
  G[1,2]   0.5857   0.4904   -0.0953   0.0457   NO
  G[2,2]   0.7000   0.6271   -0.0729   0.0415   yes
  R[1,1]   0.8000   0.8059    0.0059   0.0397   yes
  R[1,2]   0.2000   0.2276    0.0276   0.0297   yes
  R[2,2]   0.5500   0.5824    0.0324   0.0262   yes
  EBV accuracy trait 1: mean=0.7422 sd=0.1239 (corr of EBV-hat with true BV)
  EBV accuracy trait 2: mean=0.7583 sd=0.0893 (corr of EBV-hat with true BV)
  converged=50/50  passed=1/50  pass-rate=0.020  Wilson95%=[0.004, 0.105]
GATE cell=rg_high_rec1 mode=aggregate aggregate_within_2mcse=false per_seed_all_pass=false gate_pass=false seeds=50
