cell=rg_low scope=new seeds=50 G0=[1.0 0.0837; 0.0837 0.7] R0=[0.8 0.2; 0.2 0.55] design=8/16/56 rec=3
=== GATE / AGGREGATE for rg_low (scope=new) ===
  converged=true iterations=208
  converged=true iterations=246
  converged=true iterations=201
  converged=true iterations=249
  converged=true iterations=237
  converged=true iterations=209
  converged=true iterations=262
  converged=true iterations=256
  converged=true iterations=246
  converged=true iterations=231
  converged=true iterations=226
  converged=true iterations=257
  converged=true iterations=306
  converged=true iterations=247
  converged=true iterations=329
  converged=true iterations=260
  converged=true iterations=221
  converged=true iterations=216
  converged=true iterations=265
  converged=true iterations=227
  converged=true iterations=227
  converged=true iterations=253
  converged=true iterations=234
  converged=true iterations=220
  converged=true iterations=252
  converged=true iterations=322
  converged=true iterations=320
  converged=true iterations=233
  converged=true iterations=244
  converged=true iterations=253
  converged=true iterations=266
  converged=true iterations=228
  converged=true iterations=273
  converged=true iterations=241
  converged=true iterations=241
  converged=true iterations=245
  converged=true iterations=244
  converged=true iterations=258
  converged=true iterations=245
  converged=true iterations=253
  converged=true iterations=213
  converged=true iterations=299
  converged=true iterations=228
  converged=true iterations=276
  converged=true iterations=190
  converged=true iterations=222
  converged=true iterations=235
  converged=true iterations=256
  converged=true iterations=326
  converged=true iterations=242
AGGREGATE Monte Carlo recovery (m = 50 seeds)
  G[1,1]   1.0000   0.9501   -0.0499   0.0376   yes
  G[1,2]   0.0837   0.0720   -0.0117   0.0201   yes
  G[2,2]   0.7000   0.7129    0.0129   0.0205   yes
  R[1,1]   0.8000   0.7898   -0.0102   0.0130   yes
  R[1,2]   0.2000   0.2053    0.0053   0.0071   yes
  R[2,2]   0.5500   0.5487   -0.0013   0.0082   yes
  EBV accuracy trait 1: mean=0.8923 sd=0.0342 (corr of EBV-hat with true BV)
  EBV accuracy trait 2: mean=0.9048 sd=0.0274 (corr of EBV-hat with true BV)
  converged=50/50  passed=21/50  pass-rate=0.420  Wilson95%=[0.294, 0.558]
GATE cell=rg_low mode=aggregate aggregate_within_2mcse=true per_seed_all_pass=false gate_pass=true seeds=50
