cell=h2_asym scope=new seeds=50 G0=[1.2 0.2078; 0.2078 0.4] R0=[0.4 0.15; 0.15 1.0] design=8/16/56 rec=3
=== GATE / AGGREGATE for h2_asym (scope=new) ===
  converged=true iterations=286
  converged=true iterations=290
  converged=true iterations=268
  converged=true iterations=252
  converged=true iterations=246
  converged=true iterations=260
  converged=true iterations=278
  converged=true iterations=390
  converged=true iterations=269
  converged=true iterations=251
  converged=true iterations=232
  converged=true iterations=249
  converged=true iterations=277
  converged=true iterations=321
  converged=true iterations=294
  converged=true iterations=249
  converged=true iterations=277
  converged=true iterations=280
  converged=true iterations=254
  converged=true iterations=236
  converged=true iterations=261
  converged=true iterations=399
  converged=true iterations=258
  converged=true iterations=278
  converged=true iterations=260
  converged=true iterations=256
  converged=true iterations=242
  converged=true iterations=258
  converged=true iterations=244
  converged=true iterations=272
  converged=true iterations=283
  converged=true iterations=337
  converged=true iterations=298
  converged=true iterations=260
  converged=true iterations=254
  converged=true iterations=281
  converged=true iterations=268
  converged=true iterations=260
  converged=true iterations=278
  converged=true iterations=260
  converged=true iterations=249
  converged=true iterations=235
  converged=true iterations=276
  converged=true iterations=261
  converged=true iterations=251
  converged=true iterations=266
  converged=true iterations=322
  converged=true iterations=272
  converged=true iterations=329
  converged=true iterations=300
AGGREGATE Monte Carlo recovery (m = 50 seeds)
  G[1,1]   1.2000   1.1463   -0.0537   0.0357   yes
  G[1,2]   0.2078   0.1854   -0.0224   0.0204   yes
  G[2,2]   0.4000   0.4061    0.0061   0.0167   yes
  R[1,1]   0.4000   0.3947   -0.0053   0.0066   yes
  R[1,2]   0.1500   0.1551    0.0051   0.0064   yes
  R[2,2]   1.0000   0.9943   -0.0057   0.0130   yes
  EBV accuracy trait 1: mean=0.9466 sd=0.0170 (corr of EBV-hat with true BV)
  EBV accuracy trait 2: mean=0.7925 sd=0.0626 (corr of EBV-hat with true BV)
  converged=50/50  passed=29/50  pass-rate=0.580  Wilson95%=[0.442, 0.706]
GATE cell=h2_asym mode=aggregate aggregate_within_2mcse=true per_seed_all_pass=false gate_pass=true seeds=50
