cell=base_inside scope=inside seeds=50 G0=[1.0 0.35; 0.35 0.7] R0=[0.8 0.2; 0.2 0.55] design=8/16/56 rec=3
=== GATE / AGGREGATE for base_inside (scope=inside) ===
  converged=true iterations=239
  converged=true iterations=266
  converged=true iterations=237
  converged=true iterations=249
  converged=true iterations=255
  converged=true iterations=220
  converged=true iterations=273
  converged=true iterations=316
  converged=true iterations=257
  converged=true iterations=238
  converged=true iterations=267
  converged=true iterations=253
  converged=true iterations=277
  converged=true iterations=240
  converged=true iterations=341
  converged=true iterations=224
  converged=true iterations=243
  converged=true iterations=233
  converged=true iterations=246
  converged=true iterations=244
  converged=true iterations=239
  converged=true iterations=286
  converged=true iterations=241
  converged=true iterations=229
  converged=true iterations=243
  converged=true iterations=301
  converged=true iterations=340
  converged=true iterations=267
  converged=true iterations=252
  converged=true iterations=241
  converged=true iterations=284
  converged=true iterations=243
  converged=true iterations=261
  converged=true iterations=257
  converged=true iterations=258
  converged=true iterations=274
  converged=true iterations=276
  converged=true iterations=264
  converged=true iterations=248
  converged=true iterations=276
  converged=true iterations=242
  converged=true iterations=300
  converged=true iterations=232
  converged=true iterations=318
  converged=true iterations=232
  converged=true iterations=256
  converged=true iterations=253
  converged=true iterations=277
  converged=true iterations=276
  converged=true iterations=251
AGGREGATE Monte Carlo recovery (m = 50 seeds)
  G[1,1]   1.0000   0.9528   -0.0472   0.0375   yes
  G[1,2]   0.3500   0.3238   -0.0262   0.0235   yes
  G[2,2]   0.7000   0.7006    0.0006   0.0199   yes
  R[1,1]   0.8000   0.7895   -0.0105   0.0130   yes
  R[1,2]   0.2000   0.2058    0.0058   0.0072   yes
  R[2,2]   0.5500   0.5494   -0.0006   0.0082   yes
  EBV accuracy trait 1: mean=0.8915 sd=0.0343 (corr of EBV-hat with true BV)
  EBV accuracy trait 2: mean=0.9023 sd=0.0295 (corr of EBV-hat with true BV)
  converged=50/50  passed=23/50  pass-rate=0.460  Wilson95%=[0.330, 0.596]
GATE cell=base_inside mode=aggregate aggregate_within_2mcse=true per_seed_all_pass=false gate_pass=true seeds=50
